Release 14.7 - xst P.20131013 (nt64)
Copyright (c) 1995-2013 Xilinx, Inc.  All rights reserved.
--> Parameter TMPDIR set to xst/projnav.tmp


Total REAL time to Xst completion: 0.00 secs
Total CPU time to Xst completion: 0.16 secs
 
--> Parameter xsthdpdir set to xst


Total REAL time to Xst completion: 0.00 secs
Total CPU time to Xst completion: 0.16 secs
 
--> Reading design: alu.prj

TABLE OF CONTENTS
  1) Synthesis Options Summary
  2) HDL Parsing
  3) HDL Elaboration
  4) HDL Synthesis
       4.1) HDL Synthesis Report
  5) Advanced HDL Synthesis
       5.1) Advanced HDL Synthesis Report
  6) Low Level Synthesis
  7) Partition Report
  8) Design Summary
       8.1) Primitive and Black Box Usage
       8.2) Device utilization summary
       8.3) Partition Resource Summary
       8.4) Timing Report
            8.4.1) Clock Information
            8.4.2) Asynchronous Control Signals Information
            8.4.3) Timing Summary
            8.4.4) Timing Details
            8.4.5) Cross Clock Domains Report


=========================================================================
*                      Synthesis Options Summary                        *
=========================================================================
---- Source Parameters
Input File Name                    : "alu.prj"
Ignore Synthesis Constraint File   : NO

---- Target Parameters
Output File Name                   : "alu"
Output Format                      : NGC
Target Device                      : xc7a100t-3-csg324

---- Source Options
Top Module Name                    : alu
Automatic FSM Extraction           : YES
FSM Encoding Algorithm             : Auto
Safe Implementation                : No
FSM Style                          : LUT
RAM Extraction                     : Yes
RAM Style                          : Auto
ROM Extraction                     : Yes
Shift Register Extraction          : YES
ROM Style                          : Auto
Resource Sharing                   : YES
Asynchronous To Synchronous        : NO
Shift Register Minimum Size        : 2
Use DSP Block                      : Auto
Automatic Register Balancing       : No

---- Target Options
LUT Combining                      : Auto
Reduce Control Sets                : Auto
Add IO Buffers                     : YES
Global Maximum Fanout              : 100000
Add Generic Clock Buffer(BUFG)     : 32
Register Duplication               : YES
Optimize Instantiated Primitives   : NO
Use Clock Enable                   : Auto
Use Synchronous Set                : Auto
Use Synchronous Reset              : Auto
Pack IO Registers into IOBs        : Auto
Equivalent register Removal        : YES

---- General Options
Optimization Goal                  : Speed
Optimization Effort                : 1
Power Reduction                    : NO
Keep Hierarchy                     : No
Netlist Hierarchy                  : As_Optimized
RTL Output                         : Yes
Global Optimization                : AllClockNets
Read Cores                         : YES
Write Timing Constraints           : NO
Cross Clock Analysis               : NO
Hierarchy Separator                : /
Bus Delimiter                      : <>
Case Specifier                     : Maintain
Slice Utilization Ratio            : 100
BRAM Utilization Ratio             : 100
DSP48 Utilization Ratio            : 100
Auto BRAM Packing                  : NO
Slice Utilization Ratio Delta      : 5

=========================================================================


=========================================================================
*                          HDL Parsing                                  *
=========================================================================
Analyzing Verilog file "E:\Verilog\P1_2\alu.v" into library work
Parsing module <alu>.

=========================================================================
*                            HDL Elaboration                            *
=========================================================================

Elaborating module <alu>.

=========================================================================
*                           HDL Synthesis                               *
=========================================================================

Synthesizing Unit <alu>.
    Related source file is "E:\Verilog\P1_2\alu.v".
    Found 32-bit subtractor for signal <A[31]_B[31]_sub_4_OUT> created at line 33.
    Found 32-bit adder for signal <A[31]_B[31]_add_1_OUT> created at line 30.
    Found 32-bit shifter logical right for signal <A[31]_B[31]_shift_right_9_OUT> created at line 42
    Found 32-bit shifter arithmetic right for signal <A[31]_B[31]_shift_right_11_OUT> created at line 45
    Found 1-bit 6-to-1 multiplexer for signal <C[31]_A[31]_MUX_230_o> created at line 32.
    Found 1-bit 6-to-1 multiplexer for signal <C[31]_A[31]_MUX_236_o> created at line 32.
    Found 1-bit 6-to-1 multiplexer for signal <C[31]_A[31]_MUX_242_o> created at line 32.
    Found 1-bit 6-to-1 multiplexer for signal <C[31]_A[31]_MUX_248_o> created at line 32.
    Found 1-bit 6-to-1 multiplexer for signal <C[31]_A[31]_MUX_254_o> created at line 32.
    Found 1-bit 6-to-1 multiplexer for signal <C[31]_A[31]_MUX_260_o> created at line 32.
    Found 1-bit 6-to-1 multiplexer for signal <C[31]_A[31]_MUX_266_o> created at line 32.
    Found 1-bit 6-to-1 multiplexer for signal <C[31]_A[31]_MUX_272_o> created at line 32.
    Found 1-bit 6-to-1 multiplexer for signal <C[31]_A[31]_MUX_278_o> created at line 32.
    Found 1-bit 6-to-1 multiplexer for signal <C[31]_A[31]_MUX_284_o> created at line 32.
    Found 1-bit 6-to-1 multiplexer for signal <C[31]_A[31]_MUX_290_o> created at line 32.
    Found 1-bit 6-to-1 multiplexer for signal <C[31]_A[31]_MUX_296_o> created at line 32.
    Found 1-bit 6-to-1 multiplexer for signal <C[31]_A[31]_MUX_302_o> created at line 32.
    Found 1-bit 6-to-1 multiplexer for signal <C[31]_A[31]_MUX_308_o> created at line 32.
    Found 1-bit 6-to-1 multiplexer for signal <C[31]_A[31]_MUX_314_o> created at line 32.
    Found 1-bit 6-to-1 multiplexer for signal <C[31]_A[31]_MUX_320_o> created at line 32.
    Found 1-bit 6-to-1 multiplexer for signal <C[31]_A[31]_MUX_326_o> created at line 32.
    Found 1-bit 6-to-1 multiplexer for signal <C[31]_A[31]_MUX_332_o> created at line 32.
    Found 1-bit 6-to-1 multiplexer for signal <C[31]_A[31]_MUX_338_o> created at line 32.
    Found 1-bit 6-to-1 multiplexer for signal <C[31]_A[31]_MUX_344_o> created at line 32.
    Found 1-bit 6-to-1 multiplexer for signal <C[31]_A[31]_MUX_350_o> created at line 32.
    Found 1-bit 6-to-1 multiplexer for signal <C[31]_A[31]_MUX_356_o> created at line 32.
    Found 1-bit 6-to-1 multiplexer for signal <C[31]_A[31]_MUX_362_o> created at line 32.
    Found 1-bit 6-to-1 multiplexer for signal <C[31]_A[31]_MUX_368_o> created at line 32.
    Found 1-bit 6-to-1 multiplexer for signal <C[31]_A[31]_MUX_374_o> created at line 32.
    Found 1-bit 6-to-1 multiplexer for signal <C[31]_A[31]_MUX_380_o> created at line 32.
    Found 1-bit 6-to-1 multiplexer for signal <C[31]_A[31]_MUX_386_o> created at line 32.
    Found 1-bit 6-to-1 multiplexer for signal <C[31]_A[31]_MUX_392_o> created at line 32.
    Found 1-bit 6-to-1 multiplexer for signal <C[31]_A[31]_MUX_398_o> created at line 32.
    Found 1-bit 6-to-1 multiplexer for signal <C[31]_A[31]_MUX_404_o> created at line 32.
    Found 1-bit 6-to-1 multiplexer for signal <C[31]_A[31]_MUX_410_o> created at line 32.
    Found 1-bit 6-to-1 multiplexer for signal <C[31]_A[31]_MUX_416_o> created at line 32.
WARNING:Xst:737 - Found 1-bit latch for signal <C<30>>. Latches may be generated from incomplete case or if statements. We do not recommend the use of latches in FPGA/CPLD designs, as they may lead to timing problems.
WARNING:Xst:737 - Found 1-bit latch for signal <C<29>>. Latches may be generated from incomplete case or if statements. We do not recommend the use of latches in FPGA/CPLD designs, as they may lead to timing problems.
WARNING:Xst:737 - Found 1-bit latch for signal <C<28>>. Latches may be generated from incomplete case or if statements. We do not recommend the use of latches in FPGA/CPLD designs, as they may lead to timing problems.
WARNING:Xst:737 - Found 1-bit latch for signal <C<27>>. Latches may be generated from incomplete case or if statements. We do not recommend the use of latches in FPGA/CPLD designs, as they may lead to timing problems.
WARNING:Xst:737 - Found 1-bit latch for signal <C<26>>. Latches may be generated from incomplete case or if statements. We do not recommend the use of latches in FPGA/CPLD designs, as they may lead to timing problems.
WARNING:Xst:737 - Found 1-bit latch for signal <C<25>>. Latches may be generated from incomplete case or if statements. We do not recommend the use of latches in FPGA/CPLD designs, as they may lead to timing problems.
WARNING:Xst:737 - Found 1-bit latch for signal <C<24>>. Latches may be generated from incomplete case or if statements. We do not recommend the use of latches in FPGA/CPLD designs, as they may lead to timing problems.
WARNING:Xst:737 - Found 1-bit latch for signal <C<23>>. Latches may be generated from incomplete case or if statements. We do not recommend the use of latches in FPGA/CPLD designs, as they may lead to timing problems.
WARNING:Xst:737 - Found 1-bit latch for signal <C<22>>. Latches may be generated from incomplete case or if statements. We do not recommend the use of latches in FPGA/CPLD designs, as they may lead to timing problems.
WARNING:Xst:737 - Found 1-bit latch for signal <C<21>>. Latches may be generated from incomplete case or if statements. We do not recommend the use of latches in FPGA/CPLD designs, as they may lead to timing problems.
WARNING:Xst:737 - Found 1-bit latch for signal <C<20>>. Latches may be generated from incomplete case or if statements. We do not recommend the use of latches in FPGA/CPLD designs, as they may lead to timing problems.
WARNING:Xst:737 - Found 1-bit latch for signal <C<19>>. Latches may be generated from incomplete case or if statements. We do not recommend the use of latches in FPGA/CPLD designs, as they may lead to timing problems.
WARNING:Xst:737 - Found 1-bit latch for signal <C<18>>. Latches may be generated from incomplete case or if statements. We do not recommend the use of latches in FPGA/CPLD designs, as they may lead to timing problems.
WARNING:Xst:737 - Found 1-bit latch for signal <C<17>>. Latches may be generated from incomplete case or if statements. We do not recommend the use of latches in FPGA/CPLD designs, as they may lead to timing problems.
WARNING:Xst:737 - Found 1-bit latch for signal <C<16>>. Latches may be generated from incomplete case or if statements. We do not recommend the use of latches in FPGA/CPLD designs, as they may lead to timing problems.
WARNING:Xst:737 - Found 1-bit latch for signal <C<15>>. Latches may be generated from incomplete case or if statements. We do not recommend the use of latches in FPGA/CPLD designs, as they may lead to timing problems.
WARNING:Xst:737 - Found 1-bit latch for signal <C<14>>. Latches may be generated from incomplete case or if statements. We do not recommend the use of latches in FPGA/CPLD designs, as they may lead to timing problems.
WARNING:Xst:737 - Found 1-bit latch for signal <C<13>>. Latches may be generated from incomplete case or if statements. We do not recommend the use of latches in FPGA/CPLD designs, as they may lead to timing problems.
WARNING:Xst:737 - Found 1-bit latch for signal <C<12>>. Latches may be generated from incomplete case or if statements. We do not recommend the use of latches in FPGA/CPLD designs, as they may lead to timing problems.
WARNING:Xst:737 - Found 1-bit latch for signal <C<11>>. Latches may be generated from incomplete case or if statements. We do not recommend the use of latches in FPGA/CPLD designs, as they may lead to timing problems.
WARNING:Xst:737 - Found 1-bit latch for signal <C<10>>. Latches may be generated from incomplete case or if statements. We do not recommend the use of latches in FPGA/CPLD designs, as they may lead to timing problems.
WARNING:Xst:737 - Found 1-bit latch for signal <C<9>>. Latches may be generated from incomplete case or if statements. We do not recommend the use of latches in FPGA/CPLD designs, as they may lead to timing problems.
WARNING:Xst:737 - Found 1-bit latch for signal <C<8>>. Latches may be generated from incomplete case or if statements. We do not recommend the use of latches in FPGA/CPLD designs, as they may lead to timing problems.
WARNING:Xst:737 - Found 1-bit latch for signal <C<7>>. Latches may be generated from incomplete case or if statements. We do not recommend the use of latches in FPGA/CPLD designs, as they may lead to timing problems.
WARNING:Xst:737 - Found 1-bit latch for signal <C<6>>. Latches may be generated from incomplete case or if statements. We do not recommend the use of latches in FPGA/CPLD designs, as they may lead to timing problems.
WARNING:Xst:737 - Found 1-bit latch for signal <C<5>>. Latches may be generated from incomplete case or if statements. We do not recommend the use of latches in FPGA/CPLD designs, as they may lead to timing problems.
WARNING:Xst:737 - Found 1-bit latch for signal <C<4>>. Latches may be generated from incomplete case or if statements. We do not recommend the use of latches in FPGA/CPLD designs, as they may lead to timing problems.
WARNING:Xst:737 - Found 1-bit latch for signal <C<3>>. Latches may be generated from incomplete case or if statements. We do not recommend the use of latches in FPGA/CPLD designs, as they may lead to timing problems.
WARNING:Xst:737 - Found 1-bit latch for signal <C<2>>. Latches may be generated from incomplete case or if statements. We do not recommend the use of latches in FPGA/CPLD designs, as they may lead to timing problems.
WARNING:Xst:737 - Found 1-bit latch for signal <C<1>>. Latches may be generated from incomplete case or if statements. We do not recommend the use of latches in FPGA/CPLD designs, as they may lead to timing problems.
WARNING:Xst:737 - Found 1-bit latch for signal <C<0>>. Latches may be generated from incomplete case or if statements. We do not recommend the use of latches in FPGA/CPLD designs, as they may lead to timing problems.
WARNING:Xst:737 - Found 1-bit latch for signal <C<31>>. Latches may be generated from incomplete case or if statements. We do not recommend the use of latches in FPGA/CPLD designs, as they may lead to timing problems.
    Summary:
	inferred   2 Adder/Subtractor(s).
	inferred  32 Latch(s).
	inferred  34 Multiplexer(s).
	inferred   2 Combinational logic shifter(s).
Unit <alu> synthesized.

=========================================================================
HDL Synthesis Report

Macro Statistics
# Adders/Subtractors                                   : 2
 32-bit adder                                          : 1
 32-bit subtractor                                     : 1
# Latches                                              : 32
 1-bit latch                                           : 32
# Multiplexers                                         : 34
 1-bit 6-to-1 multiplexer                              : 32
 32-bit 2-to-1 multiplexer                             : 2
# Logic shifters                                       : 2
 32-bit shifter arithmetic right                       : 1
 32-bit shifter logical right                          : 1

=========================================================================

=========================================================================
*                       Advanced HDL Synthesis                          *
=========================================================================


=========================================================================
Advanced HDL Synthesis Report

Macro Statistics
# Adders/Subtractors                                   : 2
 32-bit adder                                          : 1
 32-bit subtractor                                     : 1
# Multiplexers                                         : 34
 1-bit 6-to-1 multiplexer                              : 32
 32-bit 2-to-1 multiplexer                             : 2
# Logic shifters                                       : 2
 32-bit shifter arithmetic right                       : 1
 32-bit shifter logical right                          : 1

=========================================================================

=========================================================================
*                         Low Level Synthesis                           *
=========================================================================

Optimizing unit <alu> ...

Mapping all equations...
Building and optimizing final netlist ...
Found area constraint ratio of 100 (+ 5) on block alu, actual ratio is 0.

Final Macro Processing ...

=========================================================================
Final Register Report

Found no macro
=========================================================================

=========================================================================
*                           Partition Report                            *
=========================================================================

Partition Implementation Status
-------------------------------

  No Partitions were found in this design.

-------------------------------

=========================================================================
*                            Design Summary                             *
=========================================================================

Top Level Output File Name         : alu.ngc

Primitive and Black Box Usage:
------------------------------
# BELS                             : 429
#      GND                         : 1
#      LUT2                        : 66
#      LUT3                        : 27
#      LUT4                        : 7
#      LUT5                        : 64
#      LUT6                        : 103
#      MUXCY                       : 62
#      MUXF7                       : 34
#      VCC                         : 1
#      XORCY                       : 64
# FlipFlops/Latches                : 32
#      LD                          : 32
# Clock Buffers                    : 1
#      BUFG                        : 1
# IO Buffers                       : 99
#      IBUF                        : 67
#      OBUF                        : 32

Device utilization summary:
---------------------------

Selected Device : 7a100tcsg324-3 


Slice Logic Utilization: 
 Number of Slice LUTs:                  267  out of  63400     0%  
    Number used as Logic:               267  out of  63400     0%  

Slice Logic Distribution: 
 Number of LUT Flip Flop pairs used:    267
   Number with an unused Flip Flop:     267  out of    267   100%  
   Number with an unused LUT:             0  out of    267     0%  
   Number of fully used LUT-FF pairs:     0  out of    267     0%  
   Number of unique control sets:         1

IO Utilization: 
 Number of IOs:                          99
 Number of bonded IOBs:                  99  out of    210    47%  
    IOB Flip Flops/Latches:              32

Specific Feature Utilization:
 Number of BUFG/BUFGCTRLs:                1  out of     32     3%  

---------------------------
Partition Resource Summary:
---------------------------

  No Partitions were found in this design.

---------------------------


=========================================================================
Timing Report

NOTE: THESE TIMING NUMBERS ARE ONLY A SYNTHESIS ESTIMATE.
      FOR ACCURATE TIMING INFORMATION PLEASE REFER TO THE TRACE REPORT
      GENERATED AFTER PLACE-and-ROUTE.

Clock Information:
------------------
-------------------------------------------------------+------------------------+-------+
Clock Signal                                           | Clock buffer(FF name)  | Load  |
-------------------------------------------------------+------------------------+-------+
ALUOp[2]_ALUOp[2]_OR_65_o(ALUOp[2]_ALUOp[2]_OR_65_o1:O)| BUFG(*)(C_31)          | 32    |
-------------------------------------------------------+------------------------+-------+
(*) This 1 clock signal(s) are generated by combinatorial logic,
and XST is not able to identify which are the primary clock signals.
Please use the CLOCK_SIGNAL constraint to specify the clock signal(s) generated by combinatorial logic.

Asynchronous Control Signals Information:
----------------------------------------
No asynchronous control signals found in this design

Timing Summary:
---------------
Speed Grade: -3

   Minimum period: No path found
   Minimum input arrival time before clock: 3.238ns
   Maximum output required time after clock: 0.751ns
   Maximum combinational path delay: No path found

Timing Details:
---------------
All values displayed in nanoseconds (ns)

=========================================================================
Timing constraint: Default OFFSET IN BEFORE for Clock 'ALUOp[2]_ALUOp[2]_OR_65_o'
  Total number of paths / destination ports: 5941 / 32
-------------------------------------------------------------------------
Offset:              3.238ns (Levels of Logic = 7)
  Source:            B<0> (PAD)
  Destination:       C_13 (LATCH)
  Destination Clock: ALUOp[2]_ALUOp[2]_OR_65_o falling

  Data Path: B<0> to C_13
                                Gate     Net
    Cell:in->out      fanout   Delay   Delay  Logical Name (Net Name)
    ----------------------------------------  ------------
     IBUF:I->O            46   0.001   0.802  B_0_IBUF (B_0_IBUF)
     LUT6:I0->O            9   0.097   0.416  Sh1211 (Sh121)
     LUT3:I1->O            5   0.097   0.314  Sh14111 (Sh1411)
     LUT5:I4->O            2   0.097   0.560  Sh1411 (Sh141)
     LUT5:I1->O            1   0.097   0.379  Sh771 (Sh77)
     LUT5:I3->O            1   0.097   0.000  Mmux_C[31]_A[31]_MUX_230_o1_317 (Mmux_C[31]_A[31]_MUX_230_o1_317)
     MUXF7:I1->O           1   0.279   0.000  Mmux_C[31]_A[31]_MUX_230_o1_2_f7_16 (C[31]_A[31]_MUX_338_o)
     LD:D                     -0.028          C_13
    ----------------------------------------
    Total                      3.238ns (0.765ns logic, 2.473ns route)
                                       (23.6% logic, 76.4% route)

=========================================================================
Timing constraint: Default OFFSET OUT AFTER for Clock 'ALUOp[2]_ALUOp[2]_OR_65_o'
  Total number of paths / destination ports: 32 / 32
-------------------------------------------------------------------------
Offset:              0.751ns (Levels of Logic = 1)
  Source:            C_31 (LATCH)
  Destination:       C<31> (PAD)
  Source Clock:      ALUOp[2]_ALUOp[2]_OR_65_o falling

  Data Path: C_31 to C<31>
                                Gate     Net
    Cell:in->out      fanout   Delay   Delay  Logical Name (Net Name)
    ----------------------------------------  ------------
     LD:G->Q               1   0.472   0.279  C_31 (C_31)
     OBUF:I->O                 0.000          C_31_OBUF (C<31>)
    ----------------------------------------
    Total                      0.751ns (0.472ns logic, 0.279ns route)
                                       (62.8% logic, 37.2% route)

=========================================================================

Cross Clock Domains Report:
--------------------------

=========================================================================


Total REAL time to Xst completion: 10.00 secs
Total CPU time to Xst completion: 9.53 secs
 
--> 

Total memory usage is 4653472 kilobytes

Number of errors   :    0 (   0 filtered)
Number of warnings :   32 (   0 filtered)
Number of infos    :    0 (   0 filtered)

